../Core/Src/main.c:74:6:display_menu	24	static
../Core/Src/main.c:90:6:navigate_menu	24	static
../Core/Src/main.c:102:6:show_account_details	24	static
../Core/Src/main.c:118:9:debounce_button	16	static
../Core/Src/main.c:129:6:check_buttons	8	static
../Core/Src/main.c:145:5:main	8	static
../Core/Src/main.c:192:6:SystemClock_Config	72	static
../Core/Src/main.c:226:13:MX_I2C1_Init	8	static
../Core/Src/main.c:246:13:MX_GPIO_Init	40	static
../Core/Src/main.c:265:6:Error_Handler	4	static,ignoring_inline_asm
